2025-08-13 11:43:50,871 - INFO - Starting ETL pipeline...
2025-08-13 11:43:50,881 - INFO - Initializing Spark session...
2025-08-13 11:43:51,355 - INFO - Spark session initialized successfully
2025-08-13 11:43:51,357 - INFO - Extracting data from dataset/retail_dataset.csv...
2025-08-13 11:44:06,881 - INFO - Data extracted successfully. Total records: 541909
2025-08-13 11:44:06,888 - INFO - Starting data cleaning process...
2025-08-13 11:44:16,007 - INFO - Data cleaning completed successfully
2025-08-13 11:44:16,009 - INFO - Parsing date fields...
2025-08-13 11:44:16,011 - INFO - Date parsing completed successfully
2025-08-13 11:44:16,015 - INFO - Analyzing sales overview...
2025-08-13 11:44:46,367 - INFO - Sales overview analysis completed
2025-08-13 11:44:46,388 - INFO - Analyzing product performance...
2025-08-13 11:45:25,234 - INFO - Product analysis completed
2025-08-13 11:45:25,236 - INFO - Analyzing customer behavior...
2025-08-13 11:46:01,152 - INFO - Customer analysis completed
2025-08-13 11:46:01,157 - INFO - Analyzing time patterns...
2025-08-13 11:47:19,269 - INFO - Time pattern analysis completed
2025-08-13 11:47:19,271 - INFO - Analyzing geographic patterns...
2025-08-13 11:48:09,644 - INFO - Geographic analysis completed
2025-08-13 11:48:09,647 - INFO - Generating analysis report...
2025-08-13 11:48:09,663 - INFO - Report generated and saved to 'retail_analysis_report.txt'
2025-08-13 11:48:09,665 - INFO - ETL pipeline completed successfully!
2025-08-13 11:48:10,671 - INFO - Spark session stopped
